TAP version 13
ok 1 - N8G\Utils\Tests\ConfigTest::testInit
ok 2 - N8G\Utils\Tests\ConfigTest::testSetItem with data set #0 ('string', 'string test')
ok 3 - N8G\Utils\Tests\ConfigTest::testSetItem with data set #1 ('char', 'characters test')
ok 4 - N8G\Utils\Tests\ConfigTest::testSetItem with data set #2 ('int', 10)
ok 5 - N8G\Utils\Tests\ConfigTest::testSetItem with data set #3 ('bool', true)
ok 6 - N8G\Utils\Tests\ConfigTest::testSetItem with data set #4 ('float', 1.5)
ok 7 - N8G\Utils\Tests\ConfigTest::testGetItem with data set #0 ('string', 'string test')
ok 8 - N8G\Utils\Tests\ConfigTest::testGetItem with data set #1 ('char', 'characters test')
ok 9 - N8G\Utils\Tests\ConfigTest::testGetItem with data set #2 ('int', 10)
ok 10 - N8G\Utils\Tests\ConfigTest::testGetItem with data set #3 ('bool', true)
ok 11 - N8G\Utils\Tests\ConfigTest::testGetItem with data set #4 ('float', 1.5)
ok 12 - N8G\Utils\Tests\ConfigTest::testInConfig with data set #0 ('string', 'string test')
ok 13 - N8G\Utils\Tests\ConfigTest::testInConfig with data set #1 ('char', 'characters test')
ok 14 - N8G\Utils\Tests\ConfigTest::testInConfig with data set #2 ('int', 10)
ok 15 - N8G\Utils\Tests\ConfigTest::testInConfig with data set #3 ('bool', true)
ok 16 - N8G\Utils\Tests\ConfigTest::testInConfig with data set #4 ('float', 1.5)
ok 17 - N8G\Utils\Tests\ConfigTest::testGenericSetter with data set #0 ('string', 'string test')
ok 18 - N8G\Utils\Tests\ConfigTest::testGenericSetter with data set #1 ('char', 'characters test')
ok 19 - N8G\Utils\Tests\ConfigTest::testGenericSetter with data set #2 ('int', 10)
ok 20 - N8G\Utils\Tests\ConfigTest::testGenericSetter with data set #3 ('bool', true)
ok 21 - N8G\Utils\Tests\ConfigTest::testGenericSetter with data set #4 ('float', 1.5)
ok 22 - N8G\Utils\Tests\ConfigTest::testGenericGetter with data set #0 ('string', 'string test')
ok 23 - N8G\Utils\Tests\ConfigTest::testGenericGetter with data set #1 ('char', 'characters test')
ok 24 - N8G\Utils\Tests\ConfigTest::testGenericGetter with data set #2 ('int', 10)
ok 25 - N8G\Utils\Tests\ConfigTest::testGenericGetter with data set #3 ('bool', true)
ok 26 - N8G\Utils\Tests\ConfigTest::testGenericGetter with data set #4 ('float', 1.5)
ok 27 - N8G\Utils\Tests\ConfigTest::testClear with data set #0 ('string', 'string test')
ok 28 - N8G\Utils\Tests\ConfigTest::testClear with data set #1 ('char', 'characters test')
ok 29 - N8G\Utils\Tests\ConfigTest::testClear with data set #2 ('int', 10)
ok 30 - N8G\Utils\Tests\ConfigTest::testClear with data set #3 ('bool', true)
ok 31 - N8G\Utils\Tests\ConfigTest::testClear with data set #4 ('float', 1.5)
ok 32 - N8G\Utils\Tests\ConfigTest::testFailedGetter with data set #0 ('string', 'string test')
ok 33 - N8G\Utils\Tests\ConfigTest::testFailedGetter with data set #1 ('char', 'characters test')
ok 34 - N8G\Utils\Tests\ConfigTest::testFailedGetter with data set #2 ('int', 10)
ok 35 - N8G\Utils\Tests\ConfigTest::testFailedGetter with data set #3 ('bool', true)
ok 36 - N8G\Utils\Tests\ConfigTest::testFailedGetter with data set #4 ('float', 1.5)
ok 37 - N8G\Utils\Tests\ConfigTest::testFailedGenericGetter with data set #0 ('string', 'string test')
ok 38 - N8G\Utils\Tests\ConfigTest::testFailedGenericGetter with data set #1 ('char', 'characters test')
ok 39 - N8G\Utils\Tests\ConfigTest::testFailedGenericGetter with data set #2 ('int', 10)
ok 40 - N8G\Utils\Tests\ConfigTest::testFailedGenericGetter with data set #3 ('bool', true)
ok 41 - N8G\Utils\Tests\ConfigTest::testFailedGenericGetter with data set #4 ('float', 1.5)
ok 42 - N8G\Utils\Tests\ConfigTest::testStaticCallback with data set #0 ('string', 'string test')
ok 43 - N8G\Utils\Tests\ConfigTest::testStaticCallback with data set #1 ('char', 'characters test')
ok 44 - N8G\Utils\Tests\ConfigTest::testStaticCallback with data set #2 ('int', 10)
ok 45 - N8G\Utils\Tests\ConfigTest::testStaticCallback with data set #3 ('bool', true)
ok 46 - N8G\Utils\Tests\ConfigTest::testStaticCallback with data set #4 ('float', 1.5)
ok 47 - N8G\Utils\Tests\JsonTest::testFileExists with data set #0 ('success', true)
ok 48 - N8G\Utils\Tests\JsonTest::testFileExists with data set #1 ('invalid', true)
ok 49 - N8G\Utils\Tests\JsonTest::testFileExists with data set #2 ('doesNotExist', false)
ok 50 - N8G\Utils\Tests\JsonTest::testFileExists with data set #3 ('empty', true)
ok 51 - N8G\Utils\Tests\JsonTest::testReadFile with data set #0 ('success', true)
ok 52 - N8G\Utils\Tests\JsonTest::testReadFile with data set #1 ('success', false)
ok 53 - N8G\Utils\Tests\JsonTest::testReadFile with data set #2 ('invalid', true)
ok 54 - N8G\Utils\Tests\JsonTest::testReadFile with data set #3 ('doesNotExist', false)
ok 55 - N8G\Utils\Tests\JsonTest::testReadFile with data set #4 ('empty', true)
not ok 56 - Failure: N8G\Utils\Tests\JsonTest::testReadFile with data set #5 ('cantOpenFile', true)
  ---
  message: 'Failed asserting that exception message ''The JSON found is invalid.'' contains ''Could not open file!''.'
  severity: fail
  ...
ok 57 - N8G\Utils\Tests\JsonTest::testWriteToFile with data set #0 ('{ "test": "This is a test" }', './tests/fixtures/json/write/test1.json', true)
ok 58 - N8G\Utils\Tests\JsonTest::testWriteToFile with data set #1 ('Testing', './tests/fixtures/json/write/test2.json', false)
ok 59 - N8G\Utils\Tests\JsonTest::testWriteToFile with data set #2 (array('This is another test'), './tests/fixtures/json/write/test3.json', true)
ok 60 - N8G\Utils\Tests\JsonTest::testWriteToFile with data set #3 (array(1, '2', 3.0, true, false, null), './tests/fixtures/json/write/test4.json', true)
ok 61 - N8G\Utils\Tests\JsonTest::testWriteToFile with data set #4 (array(), './tests/fixtures/json/write/test5.json', true)
ok 62 - N8G\Utils\Tests\JsonTest::testWriteToFile with data set #5 (null, './tests/fixtures/json/write/test6.json', false)
ok 63 - N8G\Utils\Tests\JsonTest::testWriteToFileWithObject
ok 64 - N8G\Utils\Tests\JsonTest::testValidateJson with data set #0 ('{ "test": "" }', true)
ok 65 - N8G\Utils\Tests\JsonTest::testValidateJson with data set #1 ('{ "test":  }', false)
ok 66 - N8G\Utils\Tests\JsonTest::testValidateJson with data set #2 ('{ 'test':  }', false)
ok 67 - N8G\Utils\Tests\JsonTest::testValidateJson with data set #3 ('{ "test": 'test' }', false)
ok 68 - N8G\Utils\Tests\JsonTest::testValidateJson with data set #4 ('{ "test": 1 }', true)
ok 69 - N8G\Utils\Tests\JsonTest::testValidateJson with data set #5 ('{ "test": true }', true)
ok 70 - N8G\Utils\Tests\JsonTest::testValidateJson with data set #6 ('{ "test": 1.5 }', true)
ok 71 - N8G\Utils\Tests\JsonTest::testValidateJson with data set #7 ('', false)
ok 72 - N8G\Utils\Tests\JsonTest::testValidateJson with data set #8 (null, false)
ok 73 - N8G\Utils\Tests\JsonTest::testValidateJson with data set #9 (1, false)
ok 74 - N8G\Utils\Tests\JsonTest::testValidateJson with data set #10 (1.5, false)
ok 75 - N8G\Utils\Tests\JsonTest::testValidateJson with data set #11 (true, false)
ok 76 - N8G\Utils\Tests\LogTest::testInit
ok 77 - N8G\Utils\Tests\LogTest::testFatal with data set #0 ('This is a test')
ok 78 - N8G\Utils\Tests\LogTest::testFatal with data set #1 (1234567890)
ok 79 - N8G\Utils\Tests\LogTest::testFatal with data set #2 (1234.5678)
ok 80 - N8G\Utils\Tests\LogTest::testFatal with data set #3 (0)
ok 81 - N8G\Utils\Tests\LogTest::testFatal with data set #4 (true)
ok 82 - N8G\Utils\Tests\LogTest::testFatal with data set #5 (false)
ok 83 - N8G\Utils\Tests\LogTest::testFatal with data set #6 (null)
ok 84 - N8G\Utils\Tests\LogTest::testError with data set #0 ('This is a test')
ok 85 - N8G\Utils\Tests\LogTest::testError with data set #1 (1234567890)
ok 86 - N8G\Utils\Tests\LogTest::testError with data set #2 (1234.5678)
ok 87 - N8G\Utils\Tests\LogTest::testError with data set #3 (0)
ok 88 - N8G\Utils\Tests\LogTest::testError with data set #4 (true)
ok 89 - N8G\Utils\Tests\LogTest::testError with data set #5 (false)
ok 90 - N8G\Utils\Tests\LogTest::testError with data set #6 (null)
ok 91 - N8G\Utils\Tests\LogTest::testWarning with data set #0 ('This is a test')
ok 92 - N8G\Utils\Tests\LogTest::testWarning with data set #1 (1234567890)
ok 93 - N8G\Utils\Tests\LogTest::testWarning with data set #2 (1234.5678)
ok 94 - N8G\Utils\Tests\LogTest::testWarning with data set #3 (0)
ok 95 - N8G\Utils\Tests\LogTest::testWarning with data set #4 (true)
ok 96 - N8G\Utils\Tests\LogTest::testWarning with data set #5 (false)
ok 97 - N8G\Utils\Tests\LogTest::testWarning with data set #6 (null)
ok 98 - N8G\Utils\Tests\LogTest::testNotice with data set #0 ('This is a test')
ok 99 - N8G\Utils\Tests\LogTest::testNotice with data set #1 (1234567890)
ok 100 - N8G\Utils\Tests\LogTest::testNotice with data set #2 (1234.5678)
ok 101 - N8G\Utils\Tests\LogTest::testNotice with data set #3 (0)
ok 102 - N8G\Utils\Tests\LogTest::testNotice with data set #4 (true)
ok 103 - N8G\Utils\Tests\LogTest::testNotice with data set #5 (false)
ok 104 - N8G\Utils\Tests\LogTest::testNotice with data set #6 (null)
ok 105 - N8G\Utils\Tests\LogTest::testInfo with data set #0 ('This is a test')
ok 106 - N8G\Utils\Tests\LogTest::testInfo with data set #1 (1234567890)
ok 107 - N8G\Utils\Tests\LogTest::testInfo with data set #2 (1234.5678)
ok 108 - N8G\Utils\Tests\LogTest::testInfo with data set #3 (0)
ok 109 - N8G\Utils\Tests\LogTest::testInfo with data set #4 (true)
ok 110 - N8G\Utils\Tests\LogTest::testInfo with data set #5 (false)
ok 111 - N8G\Utils\Tests\LogTest::testInfo with data set #6 (null)
ok 112 - N8G\Utils\Tests\LogTest::testDebug with data set #0 ('This is a test')
ok 113 - N8G\Utils\Tests\LogTest::testDebug with data set #1 (1234567890)
ok 114 - N8G\Utils\Tests\LogTest::testDebug with data set #2 (1234.5678)
ok 115 - N8G\Utils\Tests\LogTest::testDebug with data set #3 (0)
ok 116 - N8G\Utils\Tests\LogTest::testDebug with data set #4 (true)
ok 117 - N8G\Utils\Tests\LogTest::testDebug with data set #5 (false)
ok 118 - N8G\Utils\Tests\LogTest::testDebug with data set #6 (null)
ok 119 - N8G\Utils\Tests\LogTest::testSuccess with data set #0 ('This is a test')
ok 120 - N8G\Utils\Tests\LogTest::testSuccess with data set #1 (1234567890)
ok 121 - N8G\Utils\Tests\LogTest::testSuccess with data set #2 (1234.5678)
ok 122 - N8G\Utils\Tests\LogTest::testSuccess with data set #3 (0)
ok 123 - N8G\Utils\Tests\LogTest::testSuccess with data set #4 (true)
ok 124 - N8G\Utils\Tests\LogTest::testSuccess with data set #5 (false)
ok 125 - N8G\Utils\Tests\LogTest::testSuccess with data set #6 (null)
ok 126 - N8G\Utils\Tests\LogTest::testReset
ok 127 - N8G\Utils\Tests\ValidationTest::testEmail with data set #0 ('test@test.com', true)
ok 128 - N8G\Utils\Tests\ValidationTest::testEmail with data set #1 ('test@test.co.uk', true)
ok 129 - N8G\Utils\Tests\ValidationTest::testEmail with data set #2 ('test@test.com.au', true)
ok 130 - N8G\Utils\Tests\ValidationTest::testEmail with data set #3 ('test@thisisatest.com', true)
ok 131 - N8G\Utils\Tests\ValidationTest::testEmail with data set #4 ('this.is.a.test@test.co.uk', true)
ok 132 - N8G\Utils\Tests\ValidationTest::testEmail with data set #5 ('test', false)
ok 133 - N8G\Utils\Tests\ValidationTest::testEmail with data set #6 ('test@@test.com', false)
ok 134 - N8G\Utils\Tests\ValidationTest::testEmail with data set #7 ('test@test.thisisatest', false)
ok 135 - N8G\Utils\Tests\ValidationTest::testEmail with data set #8 ('this.is.a.test', false)
ok 136 - N8G\Utils\Tests\ValidationTest::testEmail with data set #9 ('test@this.is.a.test', false)
ok 137 - N8G\Utils\Tests\ValidationTest::testDate with data set #0 ('01/01/2000', 'dd/mm/yyyy', true)
ok 138 - N8G\Utils\Tests\ValidationTest::testDate with data set #1 ('01/01/00', 'dd/mm/yyyy', false)
ok 139 - N8G\Utils\Tests\ValidationTest::testDate with data set #2 ('01-01-2000', 'dd/mm/yyyy', false)
ok 140 - N8G\Utils\Tests\ValidationTest::testDate with data set #3 ('01-01-00', 'dd/mm/yyyy', false)
ok 141 - N8G\Utils\Tests\ValidationTest::testDate with data set #4 ('01.01.2000', 'dd/mm/yyyy', false)
ok 142 - N8G\Utils\Tests\ValidationTest::testDate with data set #5 ('01.01.00', 'dd/mm/yyyy', false)
ok 143 - N8G\Utils\Tests\ValidationTest::testDate with data set #6 ('00/01/2000', 'dd/mm/yyyy', false)
ok 144 - N8G\Utils\Tests\ValidationTest::testDate with data set #7 ('32/01/2000', 'dd/mm/yyyy', false)
ok 145 - N8G\Utils\Tests\ValidationTest::testDate with data set #8 ('01/00/2000', 'dd/mm/yyyy', false)
ok 146 - N8G\Utils\Tests\ValidationTest::testDate with data set #9 ('01/13/2000', 'dd/mm/yyyy', false)
ok 147 - N8G\Utils\Tests\ValidationTest::testDate with data set #10 ('29/02/2000', 'dd/mm/yyyy', true)
ok 148 - N8G\Utils\Tests\ValidationTest::testDate with data set #11 ('29/02/2001', 'dd/mm/yyyy', false)
ok 149 - N8G\Utils\Tests\ValidationTest::testDate with data set #12 ('30/04/2000', 'dd/mm/yyyy', true)
ok 150 - N8G\Utils\Tests\ValidationTest::testDate with data set #13 ('31/04/2000', 'dd/mm/yyyy', false)
ok 151 - N8G\Utils\Tests\ValidationTest::testDate with data set #14 ('01/01/2000', 'dd/mm/yy', false)
ok 152 - N8G\Utils\Tests\ValidationTest::testDate with data set #15 ('01/01/00', 'dd/mm/yy', true)
ok 153 - N8G\Utils\Tests\ValidationTest::testDate with data set #16 ('01-01-2000', 'dd/mm/yy', false)
ok 154 - N8G\Utils\Tests\ValidationTest::testDate with data set #17 ('01-01-00', 'dd/mm/yy', false)
ok 155 - N8G\Utils\Tests\ValidationTest::testDate with data set #18 ('01.01.2000', 'dd/mm/yy', false)
ok 156 - N8G\Utils\Tests\ValidationTest::testDate with data set #19 ('01.01.00', 'dd/mm/yy', false)
ok 157 - N8G\Utils\Tests\ValidationTest::testDate with data set #20 ('00/01/00', 'dd/mm/yy', false)
ok 158 - N8G\Utils\Tests\ValidationTest::testDate with data set #21 ('32/01/00', 'dd/mm/yy', false)
ok 159 - N8G\Utils\Tests\ValidationTest::testDate with data set #22 ('01/00/00', 'dd/mm/yy', false)
ok 160 - N8G\Utils\Tests\ValidationTest::testDate with data set #23 ('01/13/00', 'dd/mm/yy', false)
ok 161 - N8G\Utils\Tests\ValidationTest::testDate with data set #24 ('29/02/00', 'dd/mm/yy', true)
ok 162 - N8G\Utils\Tests\ValidationTest::testDate with data set #25 ('29/02/01', 'dd/mm/yy', false)
ok 163 - N8G\Utils\Tests\ValidationTest::testDate with data set #26 ('30/04/00', 'dd/mm/yy', true)
ok 164 - N8G\Utils\Tests\ValidationTest::testDate with data set #27 ('31/04/00', 'dd/mm/yy', false)
ok 165 - N8G\Utils\Tests\ValidationTest::testDate with data set #28 ('01/01/2000', 'dd-mm-yyyy', false)
ok 166 - N8G\Utils\Tests\ValidationTest::testDate with data set #29 ('01/01/00', 'dd-mm-yyyy', false)
ok 167 - N8G\Utils\Tests\ValidationTest::testDate with data set #30 ('01-01-2000', 'dd-mm-yyyy', true)
ok 168 - N8G\Utils\Tests\ValidationTest::testDate with data set #31 ('01-01-00', 'dd-mm-yyyy', false)
ok 169 - N8G\Utils\Tests\ValidationTest::testDate with data set #32 ('01.01.2000', 'dd-mm-yyyy', false)
ok 170 - N8G\Utils\Tests\ValidationTest::testDate with data set #33 ('01.01.00', 'dd-mm-yyyy', false)
ok 171 - N8G\Utils\Tests\ValidationTest::testDate with data set #34 ('00-01-2000', 'dd-mm-yyyy', false)
ok 172 - N8G\Utils\Tests\ValidationTest::testDate with data set #35 ('32-01-2000', 'dd-mm-yyyy', false)
ok 173 - N8G\Utils\Tests\ValidationTest::testDate with data set #36 ('01-00-2000', 'dd-mm-yyyy', false)
ok 174 - N8G\Utils\Tests\ValidationTest::testDate with data set #37 ('01-13-2000', 'dd-mm-yyyy', false)
ok 175 - N8G\Utils\Tests\ValidationTest::testDate with data set #38 ('29-02-2000', 'dd-mm-yyyy', true)
ok 176 - N8G\Utils\Tests\ValidationTest::testDate with data set #39 ('29-02-2001', 'dd-mm-yyyy', false)
ok 177 - N8G\Utils\Tests\ValidationTest::testDate with data set #40 ('30-04-2000', 'dd-mm-yyyy', true)
ok 178 - N8G\Utils\Tests\ValidationTest::testDate with data set #41 ('31-04-2000', 'dd-mm-yyyy', false)
ok 179 - N8G\Utils\Tests\ValidationTest::testDate with data set #42 ('01/01/2000', 'dd-mm-yy', false)
ok 180 - N8G\Utils\Tests\ValidationTest::testDate with data set #43 ('01/01/00', 'dd-mm-yy', false)
ok 181 - N8G\Utils\Tests\ValidationTest::testDate with data set #44 ('01-01-2000', 'dd-mm-yy', false)
ok 182 - N8G\Utils\Tests\ValidationTest::testDate with data set #45 ('01-01-00', 'dd-mm-yy', true)
ok 183 - N8G\Utils\Tests\ValidationTest::testDate with data set #46 ('01.01.2000', 'dd-mm-yy', false)
ok 184 - N8G\Utils\Tests\ValidationTest::testDate with data set #47 ('01.01.00', 'dd-mm-yy', false)
ok 185 - N8G\Utils\Tests\ValidationTest::testDate with data set #48 ('00-01-00', 'dd-mm-yy', false)
ok 186 - N8G\Utils\Tests\ValidationTest::testDate with data set #49 ('32-01-00', 'dd-mm-yy', false)
ok 187 - N8G\Utils\Tests\ValidationTest::testDate with data set #50 ('01-00-00', 'dd-mm-yy', false)
ok 188 - N8G\Utils\Tests\ValidationTest::testDate with data set #51 ('01-13-00', 'dd-mm-yy', false)
ok 189 - N8G\Utils\Tests\ValidationTest::testDate with data set #52 ('29-02-00', 'dd-mm-yy', true)
ok 190 - N8G\Utils\Tests\ValidationTest::testDate with data set #53 ('29-02-01', 'dd-mm-yy', false)
ok 191 - N8G\Utils\Tests\ValidationTest::testDate with data set #54 ('30-04-00', 'dd-mm-yy', true)
ok 192 - N8G\Utils\Tests\ValidationTest::testDate with data set #55 ('31-04-00', 'dd-mm-yy', false)
ok 193 - N8G\Utils\Tests\ValidationTest::testDate with data set #56 ('01/01/2000', 'dd.mm.yyyy', false)
ok 194 - N8G\Utils\Tests\ValidationTest::testDate with data set #57 ('01/01/00', 'dd.mm.yyyy', false)
ok 195 - N8G\Utils\Tests\ValidationTest::testDate with data set #58 ('01-01-2000', 'dd.mm.yyyy', false)
ok 196 - N8G\Utils\Tests\ValidationTest::testDate with data set #59 ('01-01-00', 'dd.mm.yyyy', false)
ok 197 - N8G\Utils\Tests\ValidationTest::testDate with data set #60 ('01.01.2000', 'dd.mm.yyyy', true)
ok 198 - N8G\Utils\Tests\ValidationTest::testDate with data set #61 ('01.01.00', 'dd.mm.yyyy', false)
ok 199 - N8G\Utils\Tests\ValidationTest::testDate with data set #62 ('00.01.2000', 'dd.mm.yyyy', false)
ok 200 - N8G\Utils\Tests\ValidationTest::testDate with data set #63 ('32.01.2000', 'dd.mm.yyyy', false)
ok 201 - N8G\Utils\Tests\ValidationTest::testDate with data set #64 ('01.00.2000', 'dd.mm.yyyy', false)
ok 202 - N8G\Utils\Tests\ValidationTest::testDate with data set #65 ('01.13.2000', 'dd.mm.yyyy', false)
ok 203 - N8G\Utils\Tests\ValidationTest::testDate with data set #66 ('29.02.2000', 'dd.mm.yyyy', true)
ok 204 - N8G\Utils\Tests\ValidationTest::testDate with data set #67 ('29.02.2001', 'dd.mm.yyyy', false)
ok 205 - N8G\Utils\Tests\ValidationTest::testDate with data set #68 ('30.04.2000', 'dd.mm.yyyy', true)
ok 206 - N8G\Utils\Tests\ValidationTest::testDate with data set #69 ('31.04.2000', 'dd.mm.yyyy', false)
ok 207 - N8G\Utils\Tests\ValidationTest::testDate with data set #70 ('01/01/2000', 'dd.mm.yy', false)
ok 208 - N8G\Utils\Tests\ValidationTest::testDate with data set #71 ('01/01/00', 'dd.mm.yy', false)
ok 209 - N8G\Utils\Tests\ValidationTest::testDate with data set #72 ('01-01-2000', 'dd.mm.yy', false)
ok 210 - N8G\Utils\Tests\ValidationTest::testDate with data set #73 ('01-01-00', 'dd.mm.yy', false)
ok 211 - N8G\Utils\Tests\ValidationTest::testDate with data set #74 ('01.01.2000', 'dd.mm.yy', false)
ok 212 - N8G\Utils\Tests\ValidationTest::testDate with data set #75 ('01.01.00', 'dd.mm.yy', true)
ok 213 - N8G\Utils\Tests\ValidationTest::testDate with data set #76 ('00.01.00', 'dd.mm.yy', false)
ok 214 - N8G\Utils\Tests\ValidationTest::testDate with data set #77 ('32.01.00', 'dd.mm.yy', false)
ok 215 - N8G\Utils\Tests\ValidationTest::testDate with data set #78 ('01.00.00', 'dd.mm.yy', false)
ok 216 - N8G\Utils\Tests\ValidationTest::testDate with data set #79 ('01.13.00', 'dd.mm.yy', false)
ok 217 - N8G\Utils\Tests\ValidationTest::testDate with data set #80 ('29.02.00', 'dd.mm.yy', true)
ok 218 - N8G\Utils\Tests\ValidationTest::testDate with data set #81 ('29.02.01', 'dd.mm.yy', false)
ok 219 - N8G\Utils\Tests\ValidationTest::testDate with data set #82 ('30.04.00', 'dd.mm.yy', true)
ok 220 - N8G\Utils\Tests\ValidationTest::testDate with data set #83 ('31.04.00', 'dd.mm.yy', false)
1..220
